<?xml version="1.0" encoding="utf-8"?><testsuites name="pytest tests"><testsuite name="pytest" errors="0" failures="0" skipped="0" tests="15" time="6.516" timestamp="2026-10-09T11:04:09.022065+05:00" hostname="DESKTOP-GGENRIT"><testcase classname="tests.test_counter" name="test_increment_applies_delta" time="0.241" /><testcase classname="tests.test_counter" name="test_duplicate_key_not_reapplied" time="0.238" /><testcase classname="tests.test_counter" name="test_get_missing_counter" time="0.233" /><testcase classname="tests.test_counter" name="test_concurrent_increments_exact" time="1.116" /><testcase classname="tests.test_counter" name="test_retry_after_timeout_is_safe" time="0.392" /><testcase classname="tests.test_counter" name="test_majority_commit_two_acks" time="0.366" /><testcase classname="tests.test_counter" name="test_no_commit_below_majority" time="0.362" /><testcase classname="tests.test_counter" name="test_replicas_converge" time="0.264" /><testcase classname="tests.test_counter" name="test_lamport_rules" time="0.001" /><testcase classname="tests.test_counter" name="test_protocol_lamport_round_trip" time="0.234" /><testcase classname="tests.test_counter" name="test_counter_isolation" time="0.222" /><testcase classname="tests.test_counter" name="test_key_conflict_is_rejected" time="0.233" /><testcase classname="tests.test_failures" name="test_replica_crash_mid_request" time="1.768" /><testcase classname="tests.test_failures" name="test_request_duplication" time="0.229" /><testcase classname="tests.test_failures" name="test_induced_timeout_with_retry" time="0.385" /></testsuite></testsuites>